Archive member included to satisfy reference by file (symbol)

/home/danish/avr_ws/avrrtoslib/Release/libavrrtoslib.a(tasks.o)
                              ./main.o (xTaskGenericCreate)
/home/danish/avr_ws/avrrtoslib/Release/libavrrtoslib.a(heap_2.o)
                              /home/danish/avr_ws/avrrtoslib/Release/libavrrtoslib.a(tasks.o) (pvPortMalloc)
/home/danish/avr_ws/avrrtoslib/Release/libavrrtoslib.a(port.o)
                              /home/danish/avr_ws/avrrtoslib/Release/libavrrtoslib.a(tasks.o) (pxPortInitialiseStack)
/home/danish/avr_ws/avrrtoslib/Release/libavrrtoslib.a(list.o)
                              /home/danish/avr_ws/avrrtoslib/Release/libavrrtoslib.a(tasks.o) (vListInitialise)
/usr/lib/gcc/avr/5.4.0/avr5/libgcc.a(_exit.o)
                              /usr/lib/gcc/avr/5.4.0/../../../avr/lib/avr5/crtatmega328p.o (exit)
/usr/lib/gcc/avr/5.4.0/avr5/libgcc.a(_copy_data.o)
                              ./main.o (__do_copy_data)
/usr/lib/gcc/avr/5.4.0/avr5/libgcc.a(_clear_bss.o)
                              /home/danish/avr_ws/avrrtoslib/Release/libavrrtoslib.a(tasks.o) (__do_clear_bss)

Discarded input sections

 .data          0x0000000000000000        0x0 /usr/lib/gcc/avr/5.4.0/../../../avr/lib/avr5/crtatmega328p.o
 .bss           0x0000000000000000        0x0 /usr/lib/gcc/avr/5.4.0/../../../avr/lib/avr5/crtatmega328p.o
 .text          0x0000000000000000        0x0 ./main.o
 .data          0x0000000000000000        0x0 ./main.o
 .bss           0x0000000000000000        0x0 ./main.o
 .text._Z29vApplicationStackOverflowHookPvPc
                0x0000000000000000       0x2e ./main.o
 .text          0x0000000000000000        0x0 /home/danish/avr_ws/avrrtoslib/Release/libavrrtoslib.a(tasks.o)
 .data          0x0000000000000000        0x0 /home/danish/avr_ws/avrrtoslib/Release/libavrrtoslib.a(tasks.o)
 .bss           0x0000000000000000        0x0 /home/danish/avr_ws/avrrtoslib/Release/libavrrtoslib.a(tasks.o)
 .text.vTaskDelete
                0x0000000000000000       0x8e /home/danish/avr_ws/avrrtoslib/Release/libavrrtoslib.a(tasks.o)
 .text.vTaskEndScheduler
                0x0000000000000000        0xa /home/danish/avr_ws/avrrtoslib/Release/libavrrtoslib.a(tasks.o)
 .text.xTaskGetTickCountFromISR
                0x0000000000000000        0xa /home/danish/avr_ws/avrrtoslib/Release/libavrrtoslib.a(tasks.o)
 .text.uxTaskGetNumberOfTasks
                0x0000000000000000        0x6 /home/danish/avr_ws/avrrtoslib/Release/libavrrtoslib.a(tasks.o)
 .text.vTaskDelay
                0x0000000000000000       0x42 /home/danish/avr_ws/avrrtoslib/Release/libavrrtoslib.a(tasks.o)
 .text.vTaskPlaceOnEventList
                0x0000000000000000       0x38 /home/danish/avr_ws/avrrtoslib/Release/libavrrtoslib.a(tasks.o)
 .text.vTaskPlaceOnUnorderedEventList
                0x0000000000000000       0x46 /home/danish/avr_ws/avrrtoslib/Release/libavrrtoslib.a(tasks.o)
 .text.xTaskRemoveFromEventList
                0x0000000000000000       0x80 /home/danish/avr_ws/avrrtoslib/Release/libavrrtoslib.a(tasks.o)
 .text.xTaskRemoveFromUnorderedEventList
                0x0000000000000000       0x68 /home/danish/avr_ws/avrrtoslib/Release/libavrrtoslib.a(tasks.o)
 .text.vTaskSetTimeOutState
                0x0000000000000000       0x16 /home/danish/avr_ws/avrrtoslib/Release/libavrrtoslib.a(tasks.o)
 .text.xTaskCheckForTimeOut
                0x0000000000000000       0x58 /home/danish/avr_ws/avrrtoslib/Release/libavrrtoslib.a(tasks.o)
 .text.vTaskMissedYield
                0x0000000000000000        0x8 /home/danish/avr_ws/avrrtoslib/Release/libavrrtoslib.a(tasks.o)
 .text.uxTaskResetEventItemValue
                0x0000000000000000       0x2e /home/danish/avr_ws/avrrtoslib/Release/libavrrtoslib.a(tasks.o)
 .text.ulTaskNotifyTake
                0x0000000000000000       0xc6 /home/danish/avr_ws/avrrtoslib/Release/libavrrtoslib.a(tasks.o)
 .text.xTaskNotifyWait
                0x0000000000000000      0x126 /home/danish/avr_ws/avrrtoslib/Release/libavrrtoslib.a(tasks.o)
 .text.xTaskGenericNotify
                0x0000000000000000       0xd2 /home/danish/avr_ws/avrrtoslib/Release/libavrrtoslib.a(tasks.o)
 .text.xTaskNotifyFromISR
                0x0000000000000000       0xd8 /home/danish/avr_ws/avrrtoslib/Release/libavrrtoslib.a(tasks.o)
 .text.vTaskNotifyGiveFromISR
                0x0000000000000000       0x9e /home/danish/avr_ws/avrrtoslib/Release/libavrrtoslib.a(tasks.o)
 .text          0x0000000000000000        0x0 /home/danish/avr_ws/avrrtoslib/Release/libavrrtoslib.a(heap_2.o)
 .data          0x0000000000000000        0x0 /home/danish/avr_ws/avrrtoslib/Release/libavrrtoslib.a(heap_2.o)
 .bss           0x0000000000000000        0x0 /home/danish/avr_ws/avrrtoslib/Release/libavrrtoslib.a(heap_2.o)
 .text.xPortGetFreeHeapSize
                0x0000000000000000        0xa /home/danish/avr_ws/avrrtoslib/Release/libavrrtoslib.a(heap_2.o)
 .text.vPortInitialiseBlocks
                0x0000000000000000        0x2 /home/danish/avr_ws/avrrtoslib/Release/libavrrtoslib.a(heap_2.o)
 .text          0x0000000000000000        0x0 /home/danish/avr_ws/avrrtoslib/Release/libavrrtoslib.a(port.o)
 .data          0x0000000000000000        0x0 /home/danish/avr_ws/avrrtoslib/Release/libavrrtoslib.a(port.o)
 .bss           0x0000000000000000        0x0 /home/danish/avr_ws/avrrtoslib/Release/libavrrtoslib.a(port.o)
 .text.vPortEndScheduler
                0x0000000000000000        0x2 /home/danish/avr_ws/avrrtoslib/Release/libavrrtoslib.a(port.o)
 .text          0x0000000000000000        0x0 /home/danish/avr_ws/avrrtoslib/Release/libavrrtoslib.a(list.o)
 .data          0x0000000000000000        0x0 /home/danish/avr_ws/avrrtoslib/Release/libavrrtoslib.a(list.o)
 .bss           0x0000000000000000        0x0 /home/danish/avr_ws/avrrtoslib/Release/libavrrtoslib.a(list.o)
 .text          0x0000000000000000        0x0 /usr/lib/gcc/avr/5.4.0/avr5/libgcc.a(_exit.o)
 .data          0x0000000000000000        0x0 /usr/lib/gcc/avr/5.4.0/avr5/libgcc.a(_exit.o)
 .bss           0x0000000000000000        0x0 /usr/lib/gcc/avr/5.4.0/avr5/libgcc.a(_exit.o)
 .text.libgcc.mul
                0x0000000000000000        0x0 /usr/lib/gcc/avr/5.4.0/avr5/libgcc.a(_exit.o)
 .text.libgcc.div
                0x0000000000000000        0x0 /usr/lib/gcc/avr/5.4.0/avr5/libgcc.a(_exit.o)
 .text.libgcc   0x0000000000000000        0x0 /usr/lib/gcc/avr/5.4.0/avr5/libgcc.a(_exit.o)
 .text.libgcc.prologue
                0x0000000000000000        0x0 /usr/lib/gcc/avr/5.4.0/avr5/libgcc.a(_exit.o)
 .text.libgcc.builtins
                0x0000000000000000        0x0 /usr/lib/gcc/avr/5.4.0/avr5/libgcc.a(_exit.o)
 .text.libgcc.fmul
                0x0000000000000000        0x0 /usr/lib/gcc/avr/5.4.0/avr5/libgcc.a(_exit.o)
 .text.libgcc.fixed
                0x0000000000000000        0x0 /usr/lib/gcc/avr/5.4.0/avr5/libgcc.a(_exit.o)
 .text          0x0000000000000000        0x0 /usr/lib/gcc/avr/5.4.0/avr5/libgcc.a(_copy_data.o)
 .data          0x0000000000000000        0x0 /usr/lib/gcc/avr/5.4.0/avr5/libgcc.a(_copy_data.o)
 .bss           0x0000000000000000        0x0 /usr/lib/gcc/avr/5.4.0/avr5/libgcc.a(_copy_data.o)
 .text.libgcc.mul
                0x0000000000000000        0x0 /usr/lib/gcc/avr/5.4.0/avr5/libgcc.a(_copy_data.o)
 .text.libgcc.div
                0x0000000000000000        0x0 /usr/lib/gcc/avr/5.4.0/avr5/libgcc.a(_copy_data.o)
 .text.libgcc   0x0000000000000000        0x0 /usr/lib/gcc/avr/5.4.0/avr5/libgcc.a(_copy_data.o)
 .text.libgcc.prologue
                0x0000000000000000        0x0 /usr/lib/gcc/avr/5.4.0/avr5/libgcc.a(_copy_data.o)
 .text.libgcc.builtins
                0x0000000000000000        0x0 /usr/lib/gcc/avr/5.4.0/avr5/libgcc.a(_copy_data.o)
 .text.libgcc.fmul
                0x0000000000000000        0x0 /usr/lib/gcc/avr/5.4.0/avr5/libgcc.a(_copy_data.o)
 .text.libgcc.fixed
                0x0000000000000000        0x0 /usr/lib/gcc/avr/5.4.0/avr5/libgcc.a(_copy_data.o)
 .text          0x0000000000000000        0x0 /usr/lib/gcc/avr/5.4.0/avr5/libgcc.a(_clear_bss.o)
 .data          0x0000000000000000        0x0 /usr/lib/gcc/avr/5.4.0/avr5/libgcc.a(_clear_bss.o)
 .bss           0x0000000000000000        0x0 /usr/lib/gcc/avr/5.4.0/avr5/libgcc.a(_clear_bss.o)
 .text.libgcc.mul
                0x0000000000000000        0x0 /usr/lib/gcc/avr/5.4.0/avr5/libgcc.a(_clear_bss.o)
 .text.libgcc.div
                0x0000000000000000        0x0 /usr/lib/gcc/avr/5.4.0/avr5/libgcc.a(_clear_bss.o)
 .text.libgcc   0x0000000000000000        0x0 /usr/lib/gcc/avr/5.4.0/avr5/libgcc.a(_clear_bss.o)
 .text.libgcc.prologue
                0x0000000000000000        0x0 /usr/lib/gcc/avr/5.4.0/avr5/libgcc.a(_clear_bss.o)
 .text.libgcc.builtins
                0x0000000000000000        0x0 /usr/lib/gcc/avr/5.4.0/avr5/libgcc.a(_clear_bss.o)
 .text.libgcc.fmul
                0x0000000000000000        0x0 /usr/lib/gcc/avr/5.4.0/avr5/libgcc.a(_clear_bss.o)
 .text.libgcc.fixed
                0x0000000000000000        0x0 /usr/lib/gcc/avr/5.4.0/avr5/libgcc.a(_clear_bss.o)

Memory Configuration

Name             Origin             Length             Attributes
text             0x0000000000000000 0x0000000000020000 xr
data             0x0000000000800060 0x000000000000ffa0 rw !x
eeprom           0x0000000000810000 0x0000000000010000 rw !x
fuse             0x0000000000820000 0x0000000000000003 rw !x
lock             0x0000000000830000 0x0000000000000400 rw !x
signature        0x0000000000840000 0x0000000000000400 rw !x
user_signatures  0x0000000000850000 0x0000000000000400 rw !x
*default*        0x0000000000000000 0xffffffffffffffff

Linker script and memory map

Address of section .data set to 0x800100
LOAD /usr/lib/gcc/avr/5.4.0/../../../avr/lib/avr5/crtatmega328p.o
LOAD ./main.o
LOAD /home/danish/avr_ws/avrrtoslib/Release/libavrrtoslib.a
LOAD /usr/lib/gcc/avr/5.4.0/avr5/libgcc.a
LOAD /usr/lib/gcc/avr/5.4.0/../../../avr/lib/avr5/libm.a
START GROUP
LOAD /usr/lib/gcc/avr/5.4.0/avr5/libgcc.a
LOAD /usr/lib/gcc/avr/5.4.0/../../../avr/lib/avr5/libm.a
LOAD /usr/lib/gcc/avr/5.4.0/../../../avr/lib/avr5/libc.a
LOAD /usr/lib/gcc/avr/5.4.0/../../../avr/lib/avr5/libatmega328p.a
END GROUP
                0x0000000000000000                __TEXT_REGION_ORIGIN__ = DEFINED (__TEXT_REGION_ORIGIN__)?__TEXT_REGION_ORIGIN__:0x0
                0x0000000000800060                __DATA_REGION_ORIGIN__ = DEFINED (__DATA_REGION_ORIGIN__)?__DATA_REGION_ORIGIN__:0x800060
                0x0000000000020000                __TEXT_REGION_LENGTH__ = DEFINED (__TEXT_REGION_LENGTH__)?__TEXT_REGION_LENGTH__:0x20000
                0x000000000000ffa0                __DATA_REGION_LENGTH__ = DEFINED (__DATA_REGION_LENGTH__)?__DATA_REGION_LENGTH__:0xffa0
                0x0000000000010000                __EEPROM_REGION_LENGTH__ = DEFINED (__EEPROM_REGION_LENGTH__)?__EEPROM_REGION_LENGTH__:0x10000
                [0x0000000000000003]                __FUSE_REGION_LENGTH__ = DEFINED (__FUSE_REGION_LENGTH__)?__FUSE_REGION_LENGTH__:0x400
                0x0000000000000400                __LOCK_REGION_LENGTH__ = DEFINED (__LOCK_REGION_LENGTH__)?__LOCK_REGION_LENGTH__:0x400
                0x0000000000000400                __SIGNATURE_REGION_LENGTH__ = DEFINED (__SIGNATURE_REGION_LENGTH__)?__SIGNATURE_REGION_LENGTH__:0x400
                0x0000000000000400                __USER_SIGNATURE_REGION_LENGTH__ = DEFINED (__USER_SIGNATURE_REGION_LENGTH__)?__USER_SIGNATURE_REGION_LENGTH__:0x400

.hash
 *(.hash)

.dynsym
 *(.dynsym)

.dynstr
 *(.dynstr)

.gnu.version
 *(.gnu.version)

.gnu.version_d
 *(.gnu.version_d)

.gnu.version_r
 *(.gnu.version_r)

.rel.init
 *(.rel.init)

.rela.init
 *(.rela.init)

.rel.text
 *(.rel.text)
 *(.rel.text.*)
 *(.rel.gnu.linkonce.t*)

.rela.text
 *(.rela.text)
 *(.rela.text.*)
 *(.rela.gnu.linkonce.t*)

.rel.fini
 *(.rel.fini)

.rela.fini
 *(.rela.fini)

.rel.rodata
 *(.rel.rodata)
 *(.rel.rodata.*)
 *(.rel.gnu.linkonce.r*)

.rela.rodata
 *(.rela.rodata)
 *(.rela.rodata.*)
 *(.rela.gnu.linkonce.r*)

.rel.data
 *(.rel.data)
 *(.rel.data.*)
 *(.rel.gnu.linkonce.d*)

.rela.data
 *(.rela.data)
 *(.rela.data.*)
 *(.rela.gnu.linkonce.d*)

.rel.ctors
 *(.rel.ctors)

.rela.ctors
 *(.rela.ctors)

.rel.dtors
 *(.rel.dtors)

.rela.dtors
 *(.rela.dtors)

.rel.got
 *(.rel.got)

.rela.got
 *(.rela.got)

.rel.bss
 *(.rel.bss)

.rela.bss
 *(.rela.bss)

.rel.plt
 *(.rel.plt)

.rela.plt
 *(.rela.plt)

.text           0x0000000000000000      0xcbc
 *(.vectors)
 .vectors       0x0000000000000000       0x68 /usr/lib/gcc/avr/5.4.0/../../../avr/lib/avr5/crtatmega328p.o
                0x0000000000000000                __vectors
                0x0000000000000000                __vector_default
 *(.vectors)
 *(.progmem.gcc*)
                0x0000000000000068                . = ALIGN (0x2)
                0x0000000000000068                __trampolines_start = .
 *(.trampolines)
 .trampolines   0x0000000000000068        0x0 linker stubs
 *(.trampolines*)
                0x0000000000000068                __trampolines_end = .
 *libprintf_flt.a:*(.progmem.data)
 *libc.a:*(.progmem.data)
 *(.progmem*)
                0x0000000000000068                . = ALIGN (0x2)
 *(.jumptables)
 *(.jumptables*)
 *(.lowtext)
 *(.lowtext*)
                0x0000000000000068                __ctors_start = .
 *(.ctors)
                0x0000000000000068                __ctors_end = .
                0x0000000000000068                __dtors_start = .
 *(.dtors)
                0x0000000000000068                __dtors_end = .
 SORT(*)(.ctors)
 SORT(*)(.dtors)
 *(.init0)
 .init0         0x0000000000000068        0x0 /usr/lib/gcc/avr/5.4.0/../../../avr/lib/avr5/crtatmega328p.o
                0x0000000000000068                __init
 *(.init0)
 *(.init1)
 *(.init1)
 *(.init2)
 .init2         0x0000000000000068        0xc /usr/lib/gcc/avr/5.4.0/../../../avr/lib/avr5/crtatmega328p.o
 *(.init2)
 *(.init3)
 *(.init3)
 *(.init4)
 .init4         0x0000000000000074       0x16 /usr/lib/gcc/avr/5.4.0/avr5/libgcc.a(_copy_data.o)
                0x0000000000000074                __do_copy_data
 .init4         0x000000000000008a       0x10 /usr/lib/gcc/avr/5.4.0/avr5/libgcc.a(_clear_bss.o)
                0x000000000000008a                __do_clear_bss
 *(.init4)
 *(.init5)
 *(.init5)
 *(.init6)
 *(.init6)
 *(.init7)
 *(.init7)
 *(.init8)
 *(.init8)
 *(.init9)
 .init9         0x000000000000009a        0x4 /usr/lib/gcc/avr/5.4.0/../../../avr/lib/avr5/crtatmega328p.o
 *(.init9)
 *(.text)
 .text          0x000000000000009e        0x2 /usr/lib/gcc/avr/5.4.0/../../../avr/lib/avr5/crtatmega328p.o
                0x000000000000009e                __vector_22
                0x000000000000009e                __vector_1
                0x000000000000009e                __vector_24
                0x000000000000009e                __vector_12
                0x000000000000009e                __bad_interrupt
                0x000000000000009e                __vector_6
                0x000000000000009e                __vector_3
                0x000000000000009e                __vector_23
                0x000000000000009e                __vector_25
                0x000000000000009e                __vector_13
                0x000000000000009e                __vector_17
                0x000000000000009e                __vector_19
                0x000000000000009e                __vector_7
                0x000000000000009e                __vector_5
                0x000000000000009e                __vector_4
                0x000000000000009e                __vector_9
                0x000000000000009e                __vector_2
                0x000000000000009e                __vector_21
                0x000000000000009e                __vector_15
                0x000000000000009e                __vector_8
                0x000000000000009e                __vector_14
                0x000000000000009e                __vector_10
                0x000000000000009e                __vector_16
                0x000000000000009e                __vector_18
                0x000000000000009e                __vector_20
                0x00000000000000a0                . = ALIGN (0x2)
 *(.text.*)
 .text._ZL17TaskBlinkGreenLEDPv
                0x00000000000000a0       0x2c ./main.o
 .text.startup.main
                0x00000000000000cc       0x24 ./main.o
                0x00000000000000cc                main
 .text.prvResetNextTaskUnblockTime
                0x00000000000000f0       0x36 /home/danish/avr_ws/avrrtoslib/Release/libavrrtoslib.a(tasks.o)
 .text.prvAddCurrentTaskToDelayedList
                0x0000000000000126       0x6c /home/danish/avr_ws/avrrtoslib/Release/libavrrtoslib.a(tasks.o)
 .text.xTaskGenericCreate
                0x0000000000000192      0x1d4 /home/danish/avr_ws/avrrtoslib/Release/libavrrtoslib.a(tasks.o)
                0x0000000000000192                xTaskGenericCreate
 .text.vTaskStartScheduler
                0x0000000000000366       0x60 /home/danish/avr_ws/avrrtoslib/Release/libavrrtoslib.a(tasks.o)
                0x0000000000000366                vTaskStartScheduler
 .text.vTaskSuspendAll
                0x00000000000003c6        0xc /home/danish/avr_ws/avrrtoslib/Release/libavrrtoslib.a(tasks.o)
                0x00000000000003c6                vTaskSuspendAll
 .text.xTaskGetTickCount
                0x00000000000003d2       0x14 /home/danish/avr_ws/avrrtoslib/Release/libavrrtoslib.a(tasks.o)
                0x00000000000003d2                xTaskGetTickCount
 .text.xTaskIncrementTick
                0x00000000000003e6      0x156 /home/danish/avr_ws/avrrtoslib/Release/libavrrtoslib.a(tasks.o)
                0x00000000000003e6                xTaskIncrementTick
 .text.xTaskResumeAll
                0x000000000000053c       0xd6 /home/danish/avr_ws/avrrtoslib/Release/libavrrtoslib.a(tasks.o)
                0x000000000000053c                xTaskResumeAll
 .text.vTaskDelayUntil
                0x0000000000000612       0x6e /home/danish/avr_ws/avrrtoslib/Release/libavrrtoslib.a(tasks.o)
                0x0000000000000612                vTaskDelayUntil
 .text.prvIdleTask
                0x0000000000000680       0x5c /home/danish/avr_ws/avrrtoslib/Release/libavrrtoslib.a(tasks.o)
 .text.vTaskSwitchContext
                0x00000000000006dc       0x98 /home/danish/avr_ws/avrrtoslib/Release/libavrrtoslib.a(tasks.o)
                0x00000000000006dc                vTaskSwitchContext
 .text.pvPortMalloc
                0x0000000000000774      0x120 /home/danish/avr_ws/avrrtoslib/Release/libavrrtoslib.a(heap_2.o)
                0x0000000000000774                pvPortMalloc
 .text.vPortFree
                0x0000000000000894       0x54 /home/danish/avr_ws/avrrtoslib/Release/libavrrtoslib.a(heap_2.o)
                0x0000000000000894                vPortFree
 .text.pxPortInitialiseStack
                0x00000000000008e8       0xd8 /home/danish/avr_ws/avrrtoslib/Release/libavrrtoslib.a(port.o)
                0x00000000000008e8                pxPortInitialiseStack
 .text.xPortStartScheduler
                0x00000000000009c0       0x74 /home/danish/avr_ws/avrrtoslib/Release/libavrrtoslib.a(port.o)
                0x00000000000009c0                xPortStartScheduler
 .text.vPortYield
                0x0000000000000a34       0xb0 /home/danish/avr_ws/avrrtoslib/Release/libavrrtoslib.a(port.o)
                0x0000000000000a34                vPortYield
 .text.vPortYieldFromTick
                0x0000000000000ae4       0xb4 /home/danish/avr_ws/avrrtoslib/Release/libavrrtoslib.a(port.o)
                0x0000000000000ae4                vPortYieldFromTick
 .text.__vector_11
                0x0000000000000b98        0x4 /home/danish/avr_ws/avrrtoslib/Release/libavrrtoslib.a(port.o)
                0x0000000000000b98                __vector_11
 .text.vListInitialise
                0x0000000000000b9c       0x1c /home/danish/avr_ws/avrrtoslib/Release/libavrrtoslib.a(list.o)
                0x0000000000000b9c                vListInitialise
 .text.vListInitialiseItem
                0x0000000000000bb8        0x8 /home/danish/avr_ws/avrrtoslib/Release/libavrrtoslib.a(list.o)
                0x0000000000000bb8                vListInitialiseItem
 .text.vListInsertEnd
                0x0000000000000bc0       0x42 /home/danish/avr_ws/avrrtoslib/Release/libavrrtoslib.a(list.o)
                0x0000000000000bc0                vListInsertEnd
 .text.vListInsert
                0x0000000000000c02       0x70 /home/danish/avr_ws/avrrtoslib/Release/libavrrtoslib.a(list.o)
                0x0000000000000c02                vListInsert
 .text.uxListRemove
                0x0000000000000c72       0x46 /home/danish/avr_ws/avrrtoslib/Release/libavrrtoslib.a(list.o)
                0x0000000000000c72                uxListRemove
                0x0000000000000cb8                . = ALIGN (0x2)
 *(.fini9)
 .fini9         0x0000000000000cb8        0x0 /usr/lib/gcc/avr/5.4.0/avr5/libgcc.a(_exit.o)
                0x0000000000000cb8                exit
                0x0000000000000cb8                _exit
 *(.fini9)
 *(.fini8)
 *(.fini8)
 *(.fini7)
 *(.fini7)
 *(.fini6)
 *(.fini6)
 *(.fini5)
 *(.fini5)
 *(.fini4)
 *(.fini4)
 *(.fini3)
 *(.fini3)
 *(.fini2)
 *(.fini2)
 *(.fini1)
 *(.fini1)
 *(.fini0)
 .fini0         0x0000000000000cb8        0x4 /usr/lib/gcc/avr/5.4.0/avr5/libgcc.a(_exit.o)
 *(.fini0)
                0x0000000000000cbc                _etext = .

.data           0x0000000000800100       0x12 load address 0x0000000000000cbc
                0x0000000000800100                PROVIDE (__data_start, .)
 *(.data)
 *(.data*)
 .data.xNextTaskUnblockTime
                0x0000000000800100        0x2 /home/danish/avr_ws/avrrtoslib/Release/libavrrtoslib.a(tasks.o)
 .data.xFreeBytesRemaining
                0x0000000000800102        0x2 /home/danish/avr_ws/avrrtoslib/Release/libavrrtoslib.a(heap_2.o)
 *(.gnu.linkonce.d*)
 *(.rodata)
 *(.rodata*)
 .rodata.str1.1
                0x0000000000800104        0x9 ./main.o
 .rodata.str1.1
                0x000000000080010d        0x5 /home/danish/avr_ws/avrrtoslib/Release/libavrrtoslib.a(tasks.o)
 *(.gnu.linkonce.r*)
                0x0000000000800112                . = ALIGN (0x2)
                0x0000000000800112                _edata = .
                0x0000000000800112                PROVIDE (__data_end, .)

.bss            0x0000000000800112      0x63e
                0x0000000000800112                PROVIDE (__bss_start, .)
 *(.bss)
 *(.bss*)
 .bss.uxSchedulerSuspended
                0x0000000000800112        0x1 /home/danish/avr_ws/avrrtoslib/Release/libavrrtoslib.a(tasks.o)
 .bss.uxTaskNumber
                0x0000000000800113        0x1 /home/danish/avr_ws/avrrtoslib/Release/libavrrtoslib.a(tasks.o)
 .bss.xNumOfOverflows
                0x0000000000800114        0x1 /home/danish/avr_ws/avrrtoslib/Release/libavrrtoslib.a(tasks.o)
 .bss.xYieldPending
                0x0000000000800115        0x1 /home/danish/avr_ws/avrrtoslib/Release/libavrrtoslib.a(tasks.o)
 .bss.uxPendedTicks
                0x0000000000800116        0x1 /home/danish/avr_ws/avrrtoslib/Release/libavrrtoslib.a(tasks.o)
 .bss.xSchedulerRunning
                0x0000000000800117        0x1 /home/danish/avr_ws/avrrtoslib/Release/libavrrtoslib.a(tasks.o)
 .bss.uxTopReadyPriority
                0x0000000000800118        0x1 /home/danish/avr_ws/avrrtoslib/Release/libavrrtoslib.a(tasks.o)
 .bss.xTickCount
                0x0000000000800119        0x2 /home/danish/avr_ws/avrrtoslib/Release/libavrrtoslib.a(tasks.o)
 .bss.uxCurrentNumberOfTasks
                0x000000000080011b        0x1 /home/danish/avr_ws/avrrtoslib/Release/libavrrtoslib.a(tasks.o)
 .bss.uxTasksDeleted
                0x000000000080011c        0x1 /home/danish/avr_ws/avrrtoslib/Release/libavrrtoslib.a(tasks.o)
 .bss.xTasksWaitingTermination
                0x000000000080011d        0x9 /home/danish/avr_ws/avrrtoslib/Release/libavrrtoslib.a(tasks.o)
 .bss.xPendingReadyList
                0x0000000000800126        0x9 /home/danish/avr_ws/avrrtoslib/Release/libavrrtoslib.a(tasks.o)
 .bss.pxOverflowDelayedTaskList
                0x000000000080012f        0x2 /home/danish/avr_ws/avrrtoslib/Release/libavrrtoslib.a(tasks.o)
 .bss.pxDelayedTaskList
                0x0000000000800131        0x2 /home/danish/avr_ws/avrrtoslib/Release/libavrrtoslib.a(tasks.o)
 .bss.xDelayedTaskList2
                0x0000000000800133        0x9 /home/danish/avr_ws/avrrtoslib/Release/libavrrtoslib.a(tasks.o)
 .bss.xDelayedTaskList1
                0x000000000080013c        0x9 /home/danish/avr_ws/avrrtoslib/Release/libavrrtoslib.a(tasks.o)
 .bss.pxReadyTasksLists
                0x0000000000800145       0x24 /home/danish/avr_ws/avrrtoslib/Release/libavrrtoslib.a(tasks.o)
 .bss.pxCurrentTCB
                0x0000000000800169        0x2 /home/danish/avr_ws/avrrtoslib/Release/libavrrtoslib.a(tasks.o)
                0x0000000000800169                pxCurrentTCB
 .bss.xHeapHasBeenInitialised.2022
                0x000000000080016b        0x1 /home/danish/avr_ws/avrrtoslib/Release/libavrrtoslib.a(heap_2.o)
 .bss.xEnd      0x000000000080016c        0x4 /home/danish/avr_ws/avrrtoslib/Release/libavrrtoslib.a(heap_2.o)
 .bss.xStart    0x0000000000800170        0x4 /home/danish/avr_ws/avrrtoslib/Release/libavrrtoslib.a(heap_2.o)
 .bss.ucHeap    0x0000000000800174      0x5dc /home/danish/avr_ws/avrrtoslib/Release/libavrrtoslib.a(heap_2.o)
 *(COMMON)
                0x0000000000800750                PROVIDE (__bss_end, .)
                0x0000000000000cbc                __data_load_start = LOADADDR (.data)
                0x0000000000000cce                __data_load_end = (__data_load_start + SIZEOF (.data))

.noinit         0x0000000000800750        0x0
                [!provide]                        PROVIDE (__noinit_start, .)
 *(.noinit*)
                [!provide]                        PROVIDE (__noinit_end, .)
                0x0000000000800750                _end = .
                [!provide]                        PROVIDE (__heap_start, .)

.eeprom         0x0000000000810000        0x0
 *(.eeprom*)
                0x0000000000810000                __eeprom_end = .

.fuse
 *(.fuse)
 *(.lfuse)
 *(.hfuse)
 *(.efuse)

.lock
 *(.lock*)

.signature
 *(.signature*)

.user_signatures
 *(.user_signatures*)

.stab
 *(.stab)

.stabstr
 *(.stabstr)

.stab.excl
 *(.stab.excl)

.stab.exclstr
 *(.stab.exclstr)

.stab.index
 *(.stab.index)

.stab.indexstr
 *(.stab.indexstr)

.comment        0x0000000000000000       0x11
 *(.comment)
 .comment       0x0000000000000000       0x11 ./main.o
                                         0x12 (size before relaxing)
 .comment       0x0000000000000011       0x12 /home/danish/avr_ws/avrrtoslib/Release/libavrrtoslib.a(tasks.o)
 .comment       0x0000000000000011       0x12 /home/danish/avr_ws/avrrtoslib/Release/libavrrtoslib.a(heap_2.o)
 .comment       0x0000000000000011       0x12 /home/danish/avr_ws/avrrtoslib/Release/libavrrtoslib.a(port.o)
 .comment       0x0000000000000011       0x12 /home/danish/avr_ws/avrrtoslib/Release/libavrrtoslib.a(list.o)

.note.gnu.avr.deviceinfo
                0x0000000000000000       0x40
 .note.gnu.avr.deviceinfo
                0x0000000000000000       0x40 /usr/lib/gcc/avr/5.4.0/../../../avr/lib/avr5/crtatmega328p.o

.note.gnu.build-id
 *(.note.gnu.build-id)

.debug
 *(.debug)

.line
 *(.line)

.debug_srcinfo
 *(.debug_srcinfo)

.debug_sfnames
 *(.debug_sfnames)

.debug_aranges
 *(.debug_aranges)

.debug_pubnames
 *(.debug_pubnames)

.debug_info     0x0000000000000000      0x5f4
 *(.debug_info .gnu.linkonce.wi.*)
 .debug_info    0x0000000000000000      0x5f4 /usr/lib/gcc/avr/5.4.0/../../../avr/lib/avr5/crtatmega328p.o

.debug_abbrev   0x0000000000000000      0x5a2
 *(.debug_abbrev)
 .debug_abbrev  0x0000000000000000      0x5a2 /usr/lib/gcc/avr/5.4.0/../../../avr/lib/avr5/crtatmega328p.o

.debug_line     0x0000000000000000       0x1a
 *(.debug_line .debug_line.* .debug_line_end)
 .debug_line    0x0000000000000000       0x1a /usr/lib/gcc/avr/5.4.0/../../../avr/lib/avr5/crtatmega328p.o

.debug_frame
 *(.debug_frame)

.debug_str      0x0000000000000000      0x208
 *(.debug_str)
 .debug_str     0x0000000000000000      0x208 /usr/lib/gcc/avr/5.4.0/../../../avr/lib/avr5/crtatmega328p.o

.debug_loc
 *(.debug_loc)

.debug_macinfo
 *(.debug_macinfo)

.debug_weaknames
 *(.debug_weaknames)

.debug_funcnames
 *(.debug_funcnames)

.debug_typenames
 *(.debug_typenames)

.debug_varnames
 *(.debug_varnames)

.debug_pubtypes
 *(.debug_pubtypes)

.debug_ranges
 *(.debug_ranges)

.debug_macro
 *(.debug_macro)
OUTPUT(rtostest.elf elf32-avr)
LOAD linker stubs

Cross Reference Table

Symbol                                            File
_Z29vApplicationStackOverflowHookPvPc             ./main.o
__FUSE_REGION_LENGTH__                            /usr/lib/gcc/avr/5.4.0/../../../avr/lib/avr5/crtatmega328p.o
__bad_interrupt                                   /usr/lib/gcc/avr/5.4.0/../../../avr/lib/avr5/crtatmega328p.o
__bss_end                                         /usr/lib/gcc/avr/5.4.0/avr5/libgcc.a(_clear_bss.o)
__bss_start                                       /usr/lib/gcc/avr/5.4.0/avr5/libgcc.a(_clear_bss.o)
__data_end                                        /usr/lib/gcc/avr/5.4.0/avr5/libgcc.a(_copy_data.o)
__data_load_start                                 /usr/lib/gcc/avr/5.4.0/avr5/libgcc.a(_copy_data.o)
__data_start                                      /usr/lib/gcc/avr/5.4.0/avr5/libgcc.a(_copy_data.o)
__do_clear_bss                                    /usr/lib/gcc/avr/5.4.0/avr5/libgcc.a(_clear_bss.o)
                                                  /home/danish/avr_ws/avrrtoslib/Release/libavrrtoslib.a(heap_2.o)
                                                  /home/danish/avr_ws/avrrtoslib/Release/libavrrtoslib.a(tasks.o)
__do_copy_data                                    /usr/lib/gcc/avr/5.4.0/avr5/libgcc.a(_copy_data.o)
                                                  /home/danish/avr_ws/avrrtoslib/Release/libavrrtoslib.a(heap_2.o)
                                                  /home/danish/avr_ws/avrrtoslib/Release/libavrrtoslib.a(tasks.o)
                                                  ./main.o
__heap_end                                        /usr/lib/gcc/avr/5.4.0/../../../avr/lib/avr5/crtatmega328p.o
__init                                            /usr/lib/gcc/avr/5.4.0/../../../avr/lib/avr5/crtatmega328p.o
__stack                                           /usr/lib/gcc/avr/5.4.0/../../../avr/lib/avr5/crtatmega328p.o
__vector_1                                        /usr/lib/gcc/avr/5.4.0/../../../avr/lib/avr5/crtatmega328p.o
__vector_10                                       /usr/lib/gcc/avr/5.4.0/../../../avr/lib/avr5/crtatmega328p.o
__vector_11                                       /home/danish/avr_ws/avrrtoslib/Release/libavrrtoslib.a(port.o)
                                                  /usr/lib/gcc/avr/5.4.0/../../../avr/lib/avr5/crtatmega328p.o
__vector_12                                       /usr/lib/gcc/avr/5.4.0/../../../avr/lib/avr5/crtatmega328p.o
__vector_13                                       /usr/lib/gcc/avr/5.4.0/../../../avr/lib/avr5/crtatmega328p.o
__vector_14                                       /usr/lib/gcc/avr/5.4.0/../../../avr/lib/avr5/crtatmega328p.o
__vector_15                                       /usr/lib/gcc/avr/5.4.0/../../../avr/lib/avr5/crtatmega328p.o
__vector_16                                       /usr/lib/gcc/avr/5.4.0/../../../avr/lib/avr5/crtatmega328p.o
__vector_17                                       /usr/lib/gcc/avr/5.4.0/../../../avr/lib/avr5/crtatmega328p.o
__vector_18                                       /usr/lib/gcc/avr/5.4.0/../../../avr/lib/avr5/crtatmega328p.o
__vector_19                                       /usr/lib/gcc/avr/5.4.0/../../../avr/lib/avr5/crtatmega328p.o
__vector_2                                        /usr/lib/gcc/avr/5.4.0/../../../avr/lib/avr5/crtatmega328p.o
__vector_20                                       /usr/lib/gcc/avr/5.4.0/../../../avr/lib/avr5/crtatmega328p.o
__vector_21                                       /usr/lib/gcc/avr/5.4.0/../../../avr/lib/avr5/crtatmega328p.o
__vector_22                                       /usr/lib/gcc/avr/5.4.0/../../../avr/lib/avr5/crtatmega328p.o
__vector_23                                       /usr/lib/gcc/avr/5.4.0/../../../avr/lib/avr5/crtatmega328p.o
__vector_24                                       /usr/lib/gcc/avr/5.4.0/../../../avr/lib/avr5/crtatmega328p.o
__vector_25                                       /usr/lib/gcc/avr/5.4.0/../../../avr/lib/avr5/crtatmega328p.o
__vector_3                                        /usr/lib/gcc/avr/5.4.0/../../../avr/lib/avr5/crtatmega328p.o
__vector_4                                        /usr/lib/gcc/avr/5.4.0/../../../avr/lib/avr5/crtatmega328p.o
__vector_5                                        /usr/lib/gcc/avr/5.4.0/../../../avr/lib/avr5/crtatmega328p.o
__vector_6                                        /usr/lib/gcc/avr/5.4.0/../../../avr/lib/avr5/crtatmega328p.o
__vector_7                                        /usr/lib/gcc/avr/5.4.0/../../../avr/lib/avr5/crtatmega328p.o
__vector_8                                        /usr/lib/gcc/avr/5.4.0/../../../avr/lib/avr5/crtatmega328p.o
__vector_9                                        /usr/lib/gcc/avr/5.4.0/../../../avr/lib/avr5/crtatmega328p.o
__vector_default                                  /usr/lib/gcc/avr/5.4.0/../../../avr/lib/avr5/crtatmega328p.o
__vectors                                         /usr/lib/gcc/avr/5.4.0/../../../avr/lib/avr5/crtatmega328p.o
_exit                                             /usr/lib/gcc/avr/5.4.0/avr5/libgcc.a(_exit.o)
exit                                              /usr/lib/gcc/avr/5.4.0/avr5/libgcc.a(_exit.o)
                                                  /usr/lib/gcc/avr/5.4.0/../../../avr/lib/avr5/crtatmega328p.o
main                                              ./main.o
                                                  /usr/lib/gcc/avr/5.4.0/../../../avr/lib/avr5/crtatmega328p.o
pvPortMalloc                                      /home/danish/avr_ws/avrrtoslib/Release/libavrrtoslib.a(heap_2.o)
                                                  /home/danish/avr_ws/avrrtoslib/Release/libavrrtoslib.a(tasks.o)
pxCurrentTCB                                      /home/danish/avr_ws/avrrtoslib/Release/libavrrtoslib.a(tasks.o)
                                                  /home/danish/avr_ws/avrrtoslib/Release/libavrrtoslib.a(port.o)
pxPortInitialiseStack                             /home/danish/avr_ws/avrrtoslib/Release/libavrrtoslib.a(port.o)
                                                  /home/danish/avr_ws/avrrtoslib/Release/libavrrtoslib.a(tasks.o)
ulTaskNotifyTake                                  /home/danish/avr_ws/avrrtoslib/Release/libavrrtoslib.a(tasks.o)
uxListRemove                                      /home/danish/avr_ws/avrrtoslib/Release/libavrrtoslib.a(list.o)
                                                  /home/danish/avr_ws/avrrtoslib/Release/libavrrtoslib.a(tasks.o)
uxTaskGetNumberOfTasks                            /home/danish/avr_ws/avrrtoslib/Release/libavrrtoslib.a(tasks.o)
uxTaskResetEventItemValue                         /home/danish/avr_ws/avrrtoslib/Release/libavrrtoslib.a(tasks.o)
vListInitialise                                   /home/danish/avr_ws/avrrtoslib/Release/libavrrtoslib.a(list.o)
                                                  /home/danish/avr_ws/avrrtoslib/Release/libavrrtoslib.a(tasks.o)
vListInitialiseItem                               /home/danish/avr_ws/avrrtoslib/Release/libavrrtoslib.a(list.o)
                                                  /home/danish/avr_ws/avrrtoslib/Release/libavrrtoslib.a(tasks.o)
vListInsert                                       /home/danish/avr_ws/avrrtoslib/Release/libavrrtoslib.a(list.o)
                                                  /home/danish/avr_ws/avrrtoslib/Release/libavrrtoslib.a(tasks.o)
vListInsertEnd                                    /home/danish/avr_ws/avrrtoslib/Release/libavrrtoslib.a(list.o)
                                                  /home/danish/avr_ws/avrrtoslib/Release/libavrrtoslib.a(tasks.o)
vPortEndScheduler                                 /home/danish/avr_ws/avrrtoslib/Release/libavrrtoslib.a(port.o)
                                                  /home/danish/avr_ws/avrrtoslib/Release/libavrrtoslib.a(tasks.o)
vPortFree                                         /home/danish/avr_ws/avrrtoslib/Release/libavrrtoslib.a(heap_2.o)
                                                  /home/danish/avr_ws/avrrtoslib/Release/libavrrtoslib.a(tasks.o)
vPortInitialiseBlocks                             /home/danish/avr_ws/avrrtoslib/Release/libavrrtoslib.a(heap_2.o)
vPortYield                                        /home/danish/avr_ws/avrrtoslib/Release/libavrrtoslib.a(port.o)
                                                  /home/danish/avr_ws/avrrtoslib/Release/libavrrtoslib.a(tasks.o)
vPortYieldFromTick                                /home/danish/avr_ws/avrrtoslib/Release/libavrrtoslib.a(port.o)
vTaskDelay                                        /home/danish/avr_ws/avrrtoslib/Release/libavrrtoslib.a(tasks.o)
vTaskDelayUntil                                   /home/danish/avr_ws/avrrtoslib/Release/libavrrtoslib.a(tasks.o)
                                                  ./main.o
vTaskDelete                                       /home/danish/avr_ws/avrrtoslib/Release/libavrrtoslib.a(tasks.o)
vTaskEndScheduler                                 /home/danish/avr_ws/avrrtoslib/Release/libavrrtoslib.a(tasks.o)
vTaskMissedYield                                  /home/danish/avr_ws/avrrtoslib/Release/libavrrtoslib.a(tasks.o)
vTaskNotifyGiveFromISR                            /home/danish/avr_ws/avrrtoslib/Release/libavrrtoslib.a(tasks.o)
vTaskPlaceOnEventList                             /home/danish/avr_ws/avrrtoslib/Release/libavrrtoslib.a(tasks.o)
vTaskPlaceOnUnorderedEventList                    /home/danish/avr_ws/avrrtoslib/Release/libavrrtoslib.a(tasks.o)
vTaskSetTimeOutState                              /home/danish/avr_ws/avrrtoslib/Release/libavrrtoslib.a(tasks.o)
vTaskStartScheduler                               /home/danish/avr_ws/avrrtoslib/Release/libavrrtoslib.a(tasks.o)
                                                  ./main.o
vTaskSuspendAll                                   /home/danish/avr_ws/avrrtoslib/Release/libavrrtoslib.a(tasks.o)
                                                  /home/danish/avr_ws/avrrtoslib/Release/libavrrtoslib.a(heap_2.o)
vTaskSwitchContext                                /home/danish/avr_ws/avrrtoslib/Release/libavrrtoslib.a(tasks.o)
                                                  /home/danish/avr_ws/avrrtoslib/Release/libavrrtoslib.a(port.o)
xPortGetFreeHeapSize                              /home/danish/avr_ws/avrrtoslib/Release/libavrrtoslib.a(heap_2.o)
xPortStartScheduler                               /home/danish/avr_ws/avrrtoslib/Release/libavrrtoslib.a(port.o)
                                                  /home/danish/avr_ws/avrrtoslib/Release/libavrrtoslib.a(tasks.o)
xTaskCheckForTimeOut                              /home/danish/avr_ws/avrrtoslib/Release/libavrrtoslib.a(tasks.o)
xTaskGenericCreate                                /home/danish/avr_ws/avrrtoslib/Release/libavrrtoslib.a(tasks.o)
                                                  ./main.o
xTaskGenericNotify                                /home/danish/avr_ws/avrrtoslib/Release/libavrrtoslib.a(tasks.o)
xTaskGetTickCount                                 /home/danish/avr_ws/avrrtoslib/Release/libavrrtoslib.a(tasks.o)
                                                  ./main.o
xTaskGetTickCountFromISR                          /home/danish/avr_ws/avrrtoslib/Release/libavrrtoslib.a(tasks.o)
xTaskIncrementTick                                /home/danish/avr_ws/avrrtoslib/Release/libavrrtoslib.a(tasks.o)
                                                  /home/danish/avr_ws/avrrtoslib/Release/libavrrtoslib.a(port.o)
xTaskNotifyFromISR                                /home/danish/avr_ws/avrrtoslib/Release/libavrrtoslib.a(tasks.o)
xTaskNotifyWait                                   /home/danish/avr_ws/avrrtoslib/Release/libavrrtoslib.a(tasks.o)
xTaskRemoveFromEventList                          /home/danish/avr_ws/avrrtoslib/Release/libavrrtoslib.a(tasks.o)
xTaskRemoveFromUnorderedEventList                 /home/danish/avr_ws/avrrtoslib/Release/libavrrtoslib.a(tasks.o)
xTaskResumeAll                                    /home/danish/avr_ws/avrrtoslib/Release/libavrrtoslib.a(tasks.o)
                                                  /home/danish/avr_ws/avrrtoslib/Release/libavrrtoslib.a(heap_2.o)
